     ( error ) ~> [_ ( con integer 1 ) .Map ] ~> [_ ( con integer 2 ) .Map ] 