      ( con data { Map [ ( Integer 0 , ByteString #00 ) , ( Integer 1 , ByteString #0F ) , .DataPairList ] } ) 