      [ ( builtin chooseData ) ( con data { ByteString #001A } )  ] 