      [ ( builtin constrData ) ( con integer 1 )  ] 