      ( con data { Integer -18446744073709551617 } ) 