      [ ( builtin equalsData ) ( con data { Constr 1 [ Integer 0 , ] } )  ] 