      ( con pair ( data ) ( data ) ( { List [ Integer 0 , Integer 1 , ] } , { Constr 1 [ Integer 3 , ] } ) ) 