      ( con list ( pair ( data ) ( data ) ) [ ( { Integer 0 } , { Integer 1 } ) , ] ) 