<generatedTop>
  <k>
    ( con 1 ! 11 )
  </k>
  <env>
    .Map
  </env>
  <store>
    .Map
  </store>
</generatedTop>
