<generatedTop>
  <k>
    ( con 256 ! b"\x80OH\xf8p\xf9\xd2\xf5\xe0\x96kF\x03\xa2+\xb1\xd6.L!\x81\xd9I\x88 \xeb\\\xae\x90m\xf9:" )
  </k>
  <env>
    .Map
  </env>
  <store>
    .Map
  </store>
</generatedTop>
