(delay (lam case_Composite_181 (lam case_Prime_182 case_Prime_182)))
