An error has occurred:  User error:
The provided Plutus code called 'error'.
Caused by: (divideInteger 0 0)
