<generatedTop>
  <k>
    [] ( con integer 24 ) ~> .
  </k>
  <env>
    bind ( f , < lam x ( lam xs' [ [ rec [ [ f z  .TermList ] x  .TermList ]  .TermList ] xs'  .TermList ] ) bind ( xs , < delay ( lam z ( lam f z ) ) bind ( u , < con unit () > )  bind ( n' , < con integer 5 > )  bind ( rec , < lam x [ [ f [ ( force ( delay ( lam s [ s s  .TermList ] ) ) ) s  .TermList ]  .TermList ] x  .TermList ] bind ( s , < lam s ( lam x [ [ f [ ( force ( delay ( lam s [ s s  .TermList ] ) ) ) s  .TermList ]  .TermList ] x  .TermList ] ) bind ( f , < lam rec ( lam n' [ [ [ ( force ( delay ( lam b ( lam x ( lam y [ [ [ [ ( force ( builtin ifThenElse ) ) b  .TermList ] x  .TermList ] y  .TermList ] ( con unit () )  .TermList ] ) ) ) ) ) [ [ ( builtin lessThanEqualsInteger ) n'  .TermList ] m  .TermList ]  .TermList ] ( lam u [ [ ( force ( delay ( lam x ( lam xs ( delay ( lam z ( lam f [ [ f x  .TermList ] xs  .TermList ] ) ) ) ) ) ) ) n'  .TermList ] [ rec [ ( lam i [ [ ( builtin addInteger ) i  .TermList ] ( con integer 1 )  .TermList ] ) n'  .TermList ]  .TermList ]  .TermList ] )  .TermList ] ( lam u ( force ( delay ( delay ( lam z ( lam f z ) ) ) ) ) )  .TermList ] ) bind ( m , < con integer 4 > )  bind ( n , < con integer 1 > )  bind ( i , < con integer 4 > )  .Env > )  bind ( m , < con integer 4 > )  bind ( n , < con integer 1 > )  bind ( i , < con integer 4 > )  .Env > )  bind ( f , < lam rec ( lam n' [ [ [ ( force ( delay ( lam b ( lam x ( lam y [ [ [ [ ( force ( builtin ifThenElse ) ) b  .TermList ] x  .TermList ] y  .TermList ] ( con unit () )  .TermList ] ) ) ) ) ) [ [ ( builtin lessThanEqualsInteger ) n'  .TermList ] m  .TermList ]  .TermList ] ( lam u [ [ ( force ( delay ( lam x ( lam xs ( delay ( lam z ( lam f [ [ f x  .TermList ] xs  .TermList ] ) ) ) ) ) ) ) n'  .TermList ] [ rec [ ( lam i [ [ ( builtin addInteger ) i  .TermList ] ( con integer 1 )  .TermList ] ) n'  .TermList ]  .TermList ]  .TermList ] )  .TermList ] ( lam u ( force ( delay ( delay ( lam z ( lam f z ) ) ) ) ) )  .TermList ] ) bind ( m , < con integer 4 > )  bind ( n , < con integer 1 > )  bind ( i , < con integer 4 > )  .Env > )  bind ( m , < con integer 4 > )  bind ( n , < con integer 1 > )  bind ( i , < con integer 4 > )  .Env > )  bind ( m , < con integer 4 > )  bind ( n , < con integer 1 > )  bind ( i , < con integer 4 > )  .Env > )  bind ( z , < con integer 24 > )  bind ( rec , < lam x [ [ f [ ( force ( delay ( lam s [ s s  .TermList ] ) ) ) s  .TermList ]  .TermList ] x  .TermList ] bind ( s , < lam s ( lam x [ [ f [ ( force ( delay ( lam s [ s s  .TermList ] ) ) ) s  .TermList ]  .TermList ] x  .TermList ] ) bind ( f , < lam rec ( lam z ( lam xs [ [ ( force xs ) z  .TermList ] ( lam x ( lam xs' [ [ rec [ [ f z  .TermList ] x  .TermList ]  .TermList ] xs'  .TermList ] ) )  .TermList ] ) ) bind ( f , < builtin multiplyInteger .List 2 > )  bind ( i , < con integer 4 > )  .Env > )  bind ( f , < builtin multiplyInteger .List 2 > )  bind ( i , < con integer 4 > )  .Env > )  bind ( f , < lam rec ( lam z ( lam xs [ [ ( force xs ) z  .TermList ] ( lam x ( lam xs' [ [ rec [ [ f z  .TermList ] x  .TermList ]  .TermList ] xs'  .TermList ] ) )  .TermList ] ) ) bind ( f , < builtin multiplyInteger .List 2 > )  bind ( i , < con integer 4 > )  .Env > )  bind ( f , < builtin multiplyInteger .List 2 > )  bind ( i , < con integer 4 > )  .Env > )  bind ( f , < builtin multiplyInteger .List 2 > )  bind ( i , < con integer 4 > )  .Env > )  bind ( z , < con integer 24 > )  bind ( u , < con unit () > )  bind ( n' , < con integer 5 > )  bind ( rec , < lam x [ [ f [ ( force ( delay ( lam s [ s s  .TermList ] ) ) ) s  .TermList ]  .TermList ] x  .TermList ] bind ( s , < lam s ( lam x [ [ f [ ( force ( delay ( lam s [ s s  .TermList ] ) ) ) s  .TermList ]  .TermList ] x  .TermList ] ) bind ( f , < lam rec ( lam n' [ [ [ ( force ( delay ( lam b ( lam x ( lam y [ [ [ [ ( force ( builtin ifThenElse ) ) b  .TermList ] x  .TermList ] y  .TermList ] ( con unit () )  .TermList ] ) ) ) ) ) [ [ ( builtin lessThanEqualsInteger ) n'  .TermList ] m  .TermList ]  .TermList ] ( lam u [ [ ( force ( delay ( lam x ( lam xs ( delay ( lam z ( lam f [ [ f x  .TermList ] xs  .TermList ] ) ) ) ) ) ) ) n'  .TermList ] [ rec [ ( lam i [ [ ( builtin addInteger ) i  .TermList ] ( con integer 1 )  .TermList ] ) n'  .TermList ]  .TermList ]  .TermList ] )  .TermList ] ( lam u ( force ( delay ( delay ( lam z ( lam f z ) ) ) ) ) )  .TermList ] ) bind ( m , < con integer 4 > )  bind ( n , < con integer 1 > )  bind ( i , < con integer 4 > )  .Env > )  bind ( m , < con integer 4 > )  bind ( n , < con integer 1 > )  bind ( i , < con integer 4 > )  .Env > )  bind ( f , < lam rec ( lam n' [ [ [ ( force ( delay ( lam b ( lam x ( lam y [ [ [ [ ( force ( builtin ifThenElse ) ) b  .TermList ] x  .TermList ] y  .TermList ] ( con unit () )  .TermList ] ) ) ) ) ) [ [ ( builtin lessThanEqualsInteger ) n'  .TermList ] m  .TermList ]  .TermList ] ( lam u [ [ ( force ( delay ( lam x ( lam xs ( delay ( lam z ( lam f [ [ f x  .TermList ] xs  .TermList ] ) ) ) ) ) ) ) n'  .TermList ] [ rec [ ( lam i [ [ ( builtin addInteger ) i  .TermList ] ( con integer 1 )  .TermList ] ) n'  .TermList ]  .TermList ]  .TermList ] )  .TermList ] ( lam u ( force ( delay ( delay ( lam z ( lam f z ) ) ) ) ) )  .TermList ] ) bind ( m , < con integer 4 > )  bind ( n , < con integer 1 > )  bind ( i , < con integer 4 > )  .Env > )  bind ( m , < con integer 4 > )  bind ( n , < con integer 1 > )  bind ( i , < con integer 4 > )  .Env > )  bind ( m , < con integer 4 > )  bind ( n , < con integer 1 > )  bind ( i , < con integer 4 > )  .Env
  </env>
  <trace>
    .List
  </trace>
</generatedTop>
