<generatedTop>
  <k>
    [] ( con integer 0 ) ~> .
  </k>
  <env>
    bind ( u , < con unit () > )  bind ( i , < con integer 0 > )  bind ( rec , < lam x [ [ f [ ( force ( delay ( lam s [ s s  .TermList ] ) ) ) s  .TermList ]  .TermList ] x  .TermList ] bind ( s , < lam s ( lam x [ [ f [ ( force ( delay ( lam s [ s s  .TermList ] ) ) ) s  .TermList ]  .TermList ] x  .TermList ] ) bind ( f , < lam rec ( lam i [ [ [ ( force ( delay ( lam b ( lam x ( lam y [ [ [ [ ( force ( builtin ifThenElse ) ) b  .TermList ] x  .TermList ] y  .TermList ] ( con unit () )  .TermList ] ) ) ) ) ) [ [ ( builtin lessThanEqualsInteger ) i  .TermList ] ( con integer 1 )  .TermList ]  .TermList ] ( lam u i )  .TermList ] ( lam u [ [ ( builtin addInteger ) [ rec [ [ ( builtin subtractInteger ) i  .TermList ] ( con integer 1 )  .TermList ]  .TermList ]  .TermList ] [ rec [ [ ( builtin subtractInteger ) i  .TermList ] ( con integer 2 )  .TermList ]  .TermList ]  .TermList ] )  .TermList ] ) bind ( i0 , < con integer 0 > )  .Env > )  bind ( i0 , < con integer 0 > )  .Env > )  bind ( f , < lam rec ( lam i [ [ [ ( force ( delay ( lam b ( lam x ( lam y [ [ [ [ ( force ( builtin ifThenElse ) ) b  .TermList ] x  .TermList ] y  .TermList ] ( con unit () )  .TermList ] ) ) ) ) ) [ [ ( builtin lessThanEqualsInteger ) i  .TermList ] ( con integer 1 )  .TermList ]  .TermList ] ( lam u i )  .TermList ] ( lam u [ [ ( builtin addInteger ) [ rec [ [ ( builtin subtractInteger ) i  .TermList ] ( con integer 1 )  .TermList ]  .TermList ]  .TermList ] [ rec [ [ ( builtin subtractInteger ) i  .TermList ] ( con integer 2 )  .TermList ]  .TermList ]  .TermList ] )  .TermList ] ) bind ( i0 , < con integer 0 > )  .Env > )  bind ( i0 , < con integer 0 > )  .Env > )  bind ( i0 , < con integer 0 > )  .Env
  </env>
  <trace>
    .List
  </trace>
</generatedTop>
