<generatedTop>
  <k>
    ( con string "Ola mundo!" ) ~> .
  </k>
  <env>
    .Map
  </env>
  <args>
    .List
  </args>
  <trace>
    .List
  </trace>
</generatedTop>
