<generatedTop>
  <k>
    < con data { Integer 2 } > ~> .
  </k>
  <env>
    .Env
  </env>
  <trace>
    .List
  </trace>
</generatedTop>
