<generatedTop>
  <k>
    [] ( lam x ( delay x ) ) ~> .
  </k>
  <env>
    .Env
  </env>
  <trace>
    .List
  </trace>
</generatedTop>
