<generatedTop>
  <k>
    ( con integer 255 ) ~> .
  </k>
  <env>
    .Map
  </env>
  <trace>
    .List
  </trace>
</generatedTop>
