<generatedTop>
  <k>
    ( con integer 2 ) ~> .
  </k>
  <env>
    .Map
  </env>
  <stack>
    .List
  </stack>
</generatedTop>
