[ [ (builtin sliceByteString) (con integer 1) ] (con integer 2) ]