<generatedTop>
  <k>
    < con bytestring #ffaa > ~> .
  </k>
  <env>
    .Env
  </env>
  <trace>
    .List
  </trace>
</generatedTop>
