<generatedTop>
  <k>
    ( con integer 2 ) ~> .
  </k>
  <env>
    .Map
  </env>
  <trace>
    ListItem ( "Ola" )
  </trace>
</generatedTop>
