<generatedTop>
  <k>
    ( all a ( type ) ( fun ( all a ( type ) ( fun a ( fun a a ) ) ) ( fun ( fun ( all a ( type ) ( fun a a ) ) a ) ( fun ( fun ( all a ( type ) ( fun a a ) ) a ) a ) ) ) ) :: ( type )
  </k>
  <env>
    .
  </env>
</generatedTop>
