<generatedTop>
  <k>
    ( fun ( all r ( type ) ( fun r ( fun ( fun r r ) r ) ) ) ( all r ( type ) ( fun r ( fun ( fun r r ) r ) ) ) ) :: ( type )
  </k>
  <env>
    .
  </env>
</generatedTop>
