<generatedTop>
  <k>
    ( fun [ ( con integer ) ( con 3 ) ] [ ( con integer ) ( con 3 ) ] ) :: ( type )
  </k>
  <env>
    .
  </env>
</generatedTop>
