<generatedTop>
  <k>
    ( all $a ( type ) ( fun $a ( fun $a $a ) ) ) :: ( type )
  </k>
  <env>
    .
  </env>
</generatedTop>
