<generatedTop>
  <k>
    [] ( delay ( con bool True ) ) ~> .
  </k>
  <env>
    .Env
  </env>
  <trace>
    .List
  </trace>
</generatedTop>
