<generatedTop>
  <k>
    b"0100004a21" ~> .
  </k>
  <env>
    .Map
  </env>
  <trace>
    .List
  </trace>
</generatedTop>
