<generatedTop>
  <k>
    ( con 4 ! 8 )
  </k>
  <env>
    .Map
  </env>
  <store>
    .Map
  </store>
</generatedTop>
