[ [ (force (builtin ifThenElse)) (con bool True) ] (con integer 0) ]