[ (builtin lessThanByteString) (con bytestring #00ffaa) ]