[ (builtin lessThanEqualsInteger) (con integer 1) ]