      [ [ ( force ( builtin chooseList ) ) ( con list ( integer ) [ 0 , 1 , 2 , ] )  ] ( con integer 1 )  ] 