      ( con list ( pair ( integer ) ( bool ) ) [ ( 1 , True ) , ( 500000 , False ) , ( 0 , True ) , ] ) 