      ( con pair ( integer ) ( bool ) ( 12345 , True ) ) 